// Jest Snapshot v1, https://goo.gl/fbAQLP

exports[`<FirstApp /> Test should match with the snapshot 1`] = `
<div>
  <h1
    data-testid="test-title"
  >
    Hi
  </h1>
  <p>
    No subtitle
  </p>
  <p>
    Daniel
  </p>
</div>
`;
